// Jest Snapshot v1, https://goo.gl/fbAQLP

exports[`1. Renders Header component without crashing 1`] = `
<DocumentFragment>
  <div
    class="af-header"
  >
    <div
      class="container af-header__wrapper"
    >
      <header
        class="af-header__content"
        role="banner"
      >
        <div
          class="af-header__name"
        >
          <a
            class="af-logo"
            href="/"
          >
            <img
              alt="Logo"
              class="af-logo__brand"
              src="logo-axa.svg"
            />
          </a>
          <h2
            class="af-header__title"
          >
            Dojo Bercy
            <small
              class="af-header__subtitle"
            >
              Tax Calculation
            </small>
          </h2>
        </div>
      </header>
    </div>
  </div>
</DocumentFragment>
`;
