// Jest Snapshot v1, https://goo.gl/fbAQLP

exports[`1. Renders Menu component without crashing 1`] = `
<DocumentFragment>
  <div
    class="af-header"
  >
    <div
      class="container af-header__wrapper"
    >
      <header
        class="af-header__content"
        role="banner"
      >
        <div
          class="af-header__name"
        >
          <a
            class="af-logo"
            href="/"
          >
            <img
              alt="Logo"
              class="af-logo__brand"
              src="logo-axa.svg"
            />
          </a>
          <h2
            class="af-header__title"
          >
            Dojo Bercy
            <small
              class="af-header__subtitle"
            >
              Tax Calculation
            </small>
          </h2>
        </div>
      </header>
    </div>
  </div>
  <div
    class="app"
  >
    <div
      class="af-nav-container"
    >
      <button
        aria-controls="mainmenu"
        aria-haspopup="true"
        class="mask fade show"
        id="togglemenu"
        type="button"
      />
      <nav
        aria-label="Menu principal"
        class="af-nav af-drawer left show"
        role="navigation"
      >
        <div
          class="container af-nav__wrapper"
        >
          <div
            class="af-nav__aside-header"
          >
            <h4
              class="af-nav__aside-title"
            >
              Menu
            </h4>
            <button
              aria-controls="mainmenu"
              aria-haspopup="true"
              class="af-nav__aside-close"
              id="togglemenu"
              type="button"
            >
              ×
            </button>
          </div>
          <ul
            aria-labelledby="togglemenu"
            class="af-nav__list "
            id="mainmenu"
            role="menubar"
          >
            <li
              class="af-nav__item af-nav__item--active "
              role="none"
            >
              <a
                aria-expanded="false"
                class="af-nav__link"
                href="/"
                role="menuitem"
                tabindex="-1"
              >
                Accueil
              </a>
            </li>
          </ul>
        </div>
      </nav>
    </div>
    <div
      class="af-title-bar"
    >
      <div
        class="af-title-bar__wrapper container-fluid container"
      >
        <h1
          class="af-title-bar__title"
        >
          TaxCalculation
        </h1>
      </div>
    </div>
    <div
      class="container"
    >
      <div
        class="tax-calculation"
      >
        <form
          class="af-form tax-form"
        >
          <h1
            class="af-title--content"
          >
            Formulaire
          </h1>
          <div
            class="flex-container"
          >
            <dl>
              <dt>
                Nombre adulte :
              </dt>
              <dd>
                <input
                  class="af-form__input-text"
                  id="adultnumber"
                  label="test"
                  name="adultnumber"
                  type="text"
                  value=""
                />
              </dd>
            </dl>
            <dl>
              <dt>
                Montant salaire :
              </dt>
              <dd>
                <input
                  class="af-form__input-text"
                  id="salaryamount"
                  label="test"
                  name="salaryamount"
                  type="text"
                  value=""
                />
              </dd>
            </dl>
            <dl>
              <dt>
                Nombre enfant :
              </dt>
              <dd>
                <input
                  class="af-form__input-text"
                  id="numberofchildren"
                  label="test"
                  name="numberofchildren"
                  type="text"
                  value=""
                />
              </dd>
            </dl>
            <dl>
              <dt>
                Année :
              </dt>
              <dd>
                <div
                  class="af-form__select-container"
                >
                  <select
                    class="af-form__input-select"
                    name="year"
                  >
                    <option
                      value="choice1"
                    >
                      2019
                    </option>
                    <option
                      value="choice2"
                    >
                      2020
                    </option>
                  </select>
                  <span
                    class="glyphicon glyphicon-menu-down"
                  />
                </div>
              </dd>
            </dl>
          </div>
          <div
            class="af-form__group af-form__btn"
          >
            <button
              class="btn af-btn af-btn--hasiconLeft"
              id="validation-button"
            >
              <span
                class="af-btn__text"
              >
                Calculer
              </span>
              <i
                class="glyphicon glyphicon-stats"
              />
            </button>
          </div>
          <h1
            class="af-title--content"
          >
            Résultat
          </h1>
          <div
            class="tax-result"
          >
            <dl
              class="af-restitution__listdef"
            >
              <dt
                class="af-restitution__listdef-item"
              >
                <span
                  class="af-restitution__text"
                >
                  Taux d'imposition
                </span>
              </dt>
              <dd
                class="af-restitution__listdef-value"
              >
                ***
              </dd>
            </dl>
            <dl
              class="af-restitution__listdef"
            >
              <dt
                class="af-restitution__listdef-item"
              >
                <span
                  class="af-restitution__text"
                >
                  Montant impôt
                </span>
              </dt>
              <dd
                class="af-restitution__listdef-value"
              >
                ****
              </dd>
            </dl>
            <dl
              class="af-restitution__listdef"
            >
              <dt
                class="af-restitution__listdef-item"
              >
                <span
                  class="af-restitution__text"
                >
                  Nombre de part
                </span>
              </dt>
              <dd
                class="af-restitution__listdef-value"
              >
                ****
              </dd>
            </dl>
          </div>
        </form>
        <div
          class="maximum-ceiling"
        >
          <article
            class="af-panel"
          >
            <header
              class="af-panel__header"
            >
              <span
                class="af-panel__title"
              >
                Taux d'imposition par année
              </span>
              <div
                class="af-form__select-container"
              >
                <select
                  class="af-form__input-select"
                  name="name"
                >
                  <option
                    value="choice1"
                  >
                    2019
                  </option>
                  <option
                    value="choice2"
                  >
                    2020
                  </option>
                </select>
                <span
                  class="glyphicon glyphicon-menu-down"
                />
              </div>
            </header>
            <section
              class="af-panel__content"
            >
              <table
                class="af-table"
              >
                <thead
                  class="af-table-thead"
                >
                  <tr
                    class="af-table__tr"
                  >
                    <th
                      class="af-table__th"
                    >
                      <span
                        class="af-table-th-content"
                      >
                        Tranches
                      </span>
                    </th>
                    <th
                      class="af-table__th"
                    >
                      <span
                        class="af-table-th-content"
                      >
                        Taux d'imposition
                      </span>
                    </th>
                  </tr>
                </thead>
                <tbody
                  class="af-table__body"
                >
                  <tr
                    class="af-table__tr"
                  >
                    <td
                      class="af-table__cell"
                    >
                      <span
                        class="af-table-body-content"
                      >
                        jusqu'à 9 964€
                      </span>
                    </td>
                    <td
                      class="af-table__cell"
                    >
                      <b>
                        0%
                      </b>
                    </td>
                  </tr>
                  <tr
                    class="af-table__tr"
                  >
                    <td
                      class="af-table__cell"
                    >
                      <span
                        class="af-table-body-content"
                      >
                        de 9964 à 27519
                      </span>
                    </td>
                    <td
                      class="af-table__cell"
                    >
                      <b>
                        14%
                      </b>
                    </td>
                  </tr>
                </tbody>
              </table>
            </section>
          </article>
        </div>
      </div>
    </div>
  </div>
  <footer
    class="af-footer-client"
  >
    <div
      class="af-footer-client__bottom"
    >
      <div
        class="container"
      >
        Axa
        <div
          class="af-footer-client__policy"
        >
          © 2020 AXA All Rights Reserved
        </div>
      </div>
    </div>
  </footer>
</DocumentFragment>
`;
