// Jest Snapshot v1, https://goo.gl/fbAQLP

exports[`MaximumCeiling Renders MaximumCeiling component without crashing 1`] = `
<DocumentFragment>
  <article
    class="af-panel"
  >
    <header
      class="af-panel__header"
    >
      <span
        class="af-panel__title"
      >
        Taux d'imposition par année
      </span>
      <div
        class="af-form__select-container"
      >
        <select
          class="af-form__input-select"
          name="name"
        >
          <option
            value="choice1"
          >
            2019
          </option>
          <option
            value="choice2"
          >
            2020
          </option>
        </select>
        <span
          class="glyphicon glyphicon-menu-down"
        />
      </div>
    </header>
    <section
      class="af-panel__content"
    >
      <table
        class="af-table"
      >
        <thead
          class="af-table-thead"
        >
          <tr
            class="af-table__tr"
          >
            <th
              class="af-table__th"
            >
              <span
                class="af-table-th-content"
              >
                Tranches
              </span>
            </th>
            <th
              class="af-table__th"
            >
              <span
                class="af-table-th-content"
              >
                Taux d'imposition
              </span>
            </th>
          </tr>
        </thead>
        <tbody
          class="af-table__body"
        >
          <tr
            class="af-table__tr"
          >
            <td
              class="af-table__cell"
            >
              <span
                class="af-table-body-content"
              >
                jusqu'à 9 964€
              </span>
            </td>
            <td
              class="af-table__cell"
            >
              <b>
                0%
              </b>
            </td>
          </tr>
          <tr
            class="af-table__tr"
          >
            <td
              class="af-table__cell"
            >
              <span
                class="af-table-body-content"
              >
                de 9964 à 27519
              </span>
            </td>
            <td
              class="af-table__cell"
            >
              <b>
                14%
              </b>
            </td>
          </tr>
        </tbody>
      </table>
    </section>
  </article>
</DocumentFragment>
`;
